[rafaheras.dev/index.html]
[backblue.gif]
[fade.gif]
[index.html]
[rafaheras.dev/wp-content/themes/hello-elementor/assets/css/resetedb1.css]
[rafaheras.dev/wp-content/themes/hello-elementor/assets/css/themeedb1.css]
[rafaheras.dev/wp-content/themes/hello-elementor/assets/css/header-footeredb1.css]
[rafaheras.dev/wp-content/uploads/elementor/css/custom-frontend.mincc64.css]
[rafaheras.dev/wp-content/uploads/elementor/css/post-5cc64.css]
[rafaheras.dev/wp-content/plugins/elementor/assets/lib/eicons/css/elementor-icons.mine085.css]
[rafaheras.dev/feed/index.html]
[rafaheras.dev/wp-content/plugins/elementor/assets/css/widget-heading.min8e60.css]
[rafaheras.dev/wp-content/plugins/elementor/assets/css/widget-image.min8e60.css]
[rafaheras.dev/wp-content/uploads/elementor/css/custom-widget-icon-list.mincc64.css]
[rafaheras.dev/wp-content/plugins/elementor/assets/css/widget-spacer.min8e60.css]
[rafaheras.dev/wp-content/uploads/elementor/css/post-1133a5ad.css]
[rafaheras.dev/comments/feed/index.html]
[rafaheras.dev/wp-content/uploads/elementor/google-fonts/css/robotofa02.css]
[rafaheras.dev/wp-content/uploads/elementor/google-fonts/css/robotoslaba853.css]
[rafaheras.dev/wp-content/uploads/elementor/google-fonts/css/latof41a.css]
[rafaheras.dev/wp-content/uploads/elementor/google-fonts/css/loraf832.css]
[rafaheras.dev/wp-content/plugins/elementor/assets/lib/font-awesome/css/fontawesome.min52d5.css]
[rafaheras.dev/wp-content/plugins/elementor/assets/lib/font-awesome/css/solid.min52d5.css]
[rafaheras.dev/wp-content/plugins/elementor/assets/lib/font-awesome/css/regular.min52d5.css]
[rafaheras.dev/wp-includes/js/jquery/jquery.minf43b.js]
[rafaheras.dev/wp-includes/js/jquery/jquery-migrate.min5589.js]
[rafaheras.dev/wp-json/wp/v2/pages/1133.json]
[rafaheras.dev/wp-json/index.html]
[rafaheras.dev/wp-json/oembed/1.0/embed9a1c.json]
[rafaheras.dev/wp-json/oembed/1.0/embed4807]
[ajax.googleapis.com/ajax/libs/jquery/2.1.4/jquery.min.js]
[ajax.googleapis.com/ajax/libs/jqueryui/1.11.4/jquery-ui.min.js]
[rafaheras.dev/wp-content/uploads/2024/06/click.wav]
[rafaheras.dev/wp-content/uploads/2024/06/sonidoy.svg]
[rafaheras.dev/wp-content/uploads/2024/06/sonidonn-1.svg]
[rafaheras.dev/wp-content/uploads/2024/07/cropped-cropped-cropped-PLANZ-1-32x32.png]
[rafaheras.dev/wp-content/uploads/2024/07/cropped-cropped-cropped-PLANZ-1-192x192.png]
[rafaheras.dev/wp-content/uploads/2024/07/cropped-cropped-cropped-PLANZ-1-180x180.png]
[rafaheras.dev/wp-content/uploads/2023/01/alert.png]
[rafaheras.dev/wp-content/uploads/2024/06/DELIRIUM.png]
[rafaheras.dev/wp-content/uploads/2024/06/FIGMA2.png]
[rafaheras.dev/wp-content/uploads/2024/06/SOCIAL-LIFE-1.png]
[rafaheras.dev/home-movil/index.html]
[rafaheras.dev/wp-content/uploads/2024/06/ABOUT-ME-1-1.png]
[rafaheras.dev/wp-content/uploads/2024/06/navegador.png]
[rafaheras.dev/wp-content/uploads/2024/06/FIGMA2-150x150.png]
[rafaheras.dev/wp-content/uploads/2024/06/figma.png]
[rafaheras.dev/wp-content/uploads/2024/06/WHATSAPP.png]
[rafaheras.dev/wp-content/uploads/2024/06/INSTAGRAM.png]
[rafaheras.dev/wp-content/uploads/2024/06/LINKEDIN.png]
[rafaheras.dev/wp-content/uploads/2024/06/SPOTIFY.png]
[rafaheras.dev/wp-content/uploads/2024/06/Mails-2.png]
[rafaheras.dev/wp-content/uploads/2024/06/pc.png]
[rafaheras.dev/wp-content/uploads/2024/06/JavaScript-logo.png]
[rafaheras.dev/wp-content/uploads/2024/06/Php-logo.png]
[rafaheras.dev/wp-content/uploads/2024/06/fc9b4d4d43c92322dff53c160295320f.png]
[rafaheras.dev/wp-content/uploads/2024/06/elementor-icon.webp]
[rafaheras.dev/wp-content/uploads/2024/06/figma-icon-1024x1024-mvfh9xsk.png]
[rafaheras.dev/wp-content/uploads/2024/06/Photoshop_CC_icon.png]
[rafaheras.dev/wp-content/uploads/2024/06/492px-Illustrator_CC_icon.png]
[rafaheras.dev/wp-content/uploads/2024/07/Rafa-de-las-Heras-CV.pdf]
[rafaheras.dev/wp-content/themes/hello-elementor/assets/js/hello-frontendedb1.js]
[rafaheras.dev/wp-content/plugins/elementor/assets/js/webpack.runtime.min8e60.js]
[rafaheras.dev/wp-content/plugins/elementor/assets/js/frontend-modules.min8e60.js]
[rafaheras.dev/wp-includes/js/jquery/ui/core.minb37e.js]
[rafaheras.dev/wp-content/plugins/elementor/assets/js/frontend.min8e60.js]
[rafaheras.dev/wp-content/plugins/elementor-pro/assets/js/webpack-pro.runtime.min2801.js]
[rafaheras.dev/wp-includes/js/dist/hooks.min4fdd.js]
[rafaheras.dev/wp-includes/js/dist/i18n.minc33c.js]
[rafaheras.dev/wp-content/plugins/elementor-pro/assets/js/frontend.min2801.js]
[rafaheras.dev/wp-content/plugins/elementor-pro/assets/js/elements-handlers.min2801.js]
[rafaheras.dev/project.url]
[rafaheras.dev/index.html]
[rafaheras.dev/wp-content/themes/hello-elementor/assets/css/resetedb1.css]
[rafaheras.dev/wp-content/themes/hello-elementor/assets/css/themeedb1.css]
[rafaheras.dev/wp-content/themes/hello-elementor/assets/css/header-footeredb1.css]
[rafaheras.dev/wp-content/uploads/elementor/css/custom-frontend.mincc64.css]
[rafaheras.dev/wp-content/uploads/elementor/css/post-5cc64.css]
[rafaheras.dev/wp-content/plugins/elementor/assets/lib/eicons/fonts/eicons7241.eot]
[rafaheras.dev/wp-content/plugins/elementor/assets/lib/eicons/fonts/eicons7241.woff2]
[rafaheras.dev/wp-content/plugins/elementor/assets/lib/eicons/fonts/eicons7241.woff]
[rafaheras.dev/wp-content/plugins/elementor/assets/lib/eicons/fonts/eicons7241.ttf]
[rafaheras.dev/wp-content/plugins/elementor/assets/lib/eicons/css/elementor-icons.mine085.css]
[rafaheras.dev/wp-content/plugins/elementor/assets/css/widget-heading.min8e60.css]
[rafaheras.dev/wp-content/plugins/elementor/assets/css/widget-image.min8e60.css]
[rafaheras.dev/wp-content/uploads/elementor/css/custom-widget-icon-list.mincc64.css]
[rafaheras.dev/wp-content/plugins/elementor/assets/css/widget-spacer.min8e60.css]
[rafaheras.dev/wp-content/plugins/elementor/assets/lib/eicons/fonts/eicons7241.svg]
[rafaheras.dev/wp-content/uploads/2023/10/background-1-scaled.jpg]
[rafaheras.dev/wp-content/uploads/2023/08/pixelFondo.png]
[rafaheras.dev/wp-content/uploads/2023/10/smudges.jpg]
[rafaheras.dev/wp-content/uploads/2023/10/shadow-compressed-1.png]
[rafaheras.dev/wp-content/uploads/2024/06/pattern-grid.png]
[rafaheras.dev/wp-content/uploads/2024/06/screencapture-coduck-es-2024-06-27-10_22_59-scaled.webp]
[rafaheras.dev/wp-content/uploads/2023/01/cursor.png]
[rafaheras.dev/wp-content/uploads/2023/10/cursor2.png]
[rafaheras.dev/wp-content/uploads/2023/10/mano2.png]
[rafaheras.dev/wp-content/uploads/2023/01/rayo2.png]
[rafaheras.dev/wp-content/uploads/2023/01/ESTRELLA2-1.png]
[rafaheras.dev/wp-content/uploads/elementor/css/post-1133a5ad.css]
[rafaheras.dev/wp-content/uploads/elementor/google-fonts/fonts/roboto-kfo5cnqeu92fr1mu53zec9_vu3r1gihoszmkc3kawzu.woff2]
[rafaheras.dev/wp-content/uploads/elementor/google-fonts/fonts/roboto-kfo5cnqeu92fr1mu53zec9_vu3r1gihoszmkankawzu.woff2]
[rafaheras.dev/wp-content/uploads/elementor/google-fonts/fonts/roboto-kfo5cnqeu92fr1mu53zec9_vu3r1gihoszmkcnkawzu.woff2]
[rafaheras.dev/wp-content/uploads/elementor/google-fonts/fonts/roboto-kfo5cnqeu92fr1mu53zec9_vu3r1gihoszmkbxkawzu.woff2]
[rafaheras.dev/wp-content/uploads/elementor/google-fonts/fonts/roboto-kfo5cnqeu92fr1mu53zec9_vu3r1gihoszmkenkawzu.woff2]
[rafaheras.dev/wp-content/uploads/elementor/google-fonts/fonts/roboto-kfo5cnqeu92fr1mu53zec9_vu3r1gihoszmkahkawzu.woff2]
[rafaheras.dev/wp-content/uploads/elementor/google-fonts/fonts/roboto-kfo5cnqeu92fr1mu53zec9_vu3r1gihoszmkcxkawzu.woff2]
[rafaheras.dev/wp-content/uploads/elementor/google-fonts/fonts/roboto-kfo5cnqeu92fr1mu53zec9_vu3r1gihoszmkchkawzu.woff2]
[rafaheras.dev/wp-content/uploads/elementor/google-fonts/fonts/roboto-kfo5cnqeu92fr1mu53zec9_vu3r1gihoszmkbnka.woff2]
[rafaheras.dev/wp-content/uploads/elementor/google-fonts/fonts/roboto-kfo7cnqeu92fr1me7ksn66agldtyluama3gubgee.woff2]
[rafaheras.dev/wp-content/uploads/elementor/google-fonts/fonts/roboto-kfo7cnqeu92fr1me7ksn66agldtyluama3iubgee.woff2]
[rafaheras.dev/wp-content/uploads/elementor/google-fonts/fonts/roboto-kfo7cnqeu92fr1me7ksn66agldtyluama3cubgee.woff2]
[rafaheras.dev/wp-content/uploads/elementor/google-fonts/fonts/roboto-kfo7cnqeu92fr1me7ksn66agldtyluama3-ubgee.woff2]
[rafaheras.dev/wp-content/uploads/elementor/google-fonts/fonts/roboto-kfo7cnqeu92fr1me7ksn66agldtyluamawcubgee.woff2]
[rafaheras.dev/wp-content/uploads/elementor/google-fonts/fonts/roboto-kfo7cnqeu92fr1me7ksn66agldtyluamaxkubgee.woff2]
[rafaheras.dev/wp-content/uploads/elementor/google-fonts/fonts/roboto-kfo7cnqeu92fr1me7ksn66agldtyluama3oubgee.woff2]
[rafaheras.dev/wp-content/uploads/elementor/google-fonts/fonts/roboto-kfo7cnqeu92fr1me7ksn66agldtyluama3kubgee.woff2]
[rafaheras.dev/wp-content/uploads/elementor/google-fonts/fonts/roboto-kfo7cnqeu92fr1me7ksn66agldtyluama3yuba.woff2]
[rafaheras.dev/wp-content/uploads/elementor/google-fonts/css/robotofa02.css]
[rafaheras.dev/wp-content/uploads/elementor/google-fonts/fonts/robotoslab-bngmuxzytxpivibgjjsb6ufa5qw54a.woff2]
[rafaheras.dev/wp-content/uploads/elementor/google-fonts/fonts/robotoslab-bngmuxzytxpivibgjjsb6ufj5qw54a.woff2]
[rafaheras.dev/wp-content/uploads/elementor/google-fonts/fonts/robotoslab-bngmuxzytxpivibgjjsb6ufb5qw54a.woff2]
[rafaheras.dev/wp-content/uploads/elementor/google-fonts/fonts/robotoslab-bngmuxzytxpivibgjjsb6ufo5qw54a.woff2]
[rafaheras.dev/wp-content/uploads/elementor/google-fonts/fonts/robotoslab-bngmuxzytxpivibgjjsb6ufc5qw54a.woff2]
[rafaheras.dev/wp-content/uploads/elementor/google-fonts/fonts/robotoslab-bngmuxzytxpivibgjjsb6ufd5qw54a.woff2]
[rafaheras.dev/wp-content/uploads/elementor/google-fonts/fonts/robotoslab-bngmuxzytxpivibgjjsb6ufn5qu.woff2]
[rafaheras.dev/wp-content/uploads/elementor/google-fonts/css/robotoslaba853.css]
[rafaheras.dev/wp-content/uploads/elementor/google-fonts/fonts/lato-s6u-w4bmutphjxsipx-mpclq7a.woff2]
[rafaheras.dev/wp-content/uploads/elementor/google-fonts/fonts/lato-s6u-w4bmutphjxsipx-opci.woff2]
[rafaheras.dev/wp-content/uploads/elementor/google-fonts/fonts/lato-s6u_w4bmutphjxsi9w2_fqft1dw.woff2]
[rafaheras.dev/wp-content/uploads/elementor/google-fonts/fonts/lato-s6u_w4bmutphjxsi9w2_gwft.woff2]
[rafaheras.dev/wp-content/uploads/elementor/google-fonts/fonts/lato-s6u8w4bmutphjxsaui-qjcy.woff2]
[rafaheras.dev/wp-content/uploads/elementor/google-fonts/fonts/lato-s6u8w4bmutphjxsaxc-q.woff2]
[rafaheras.dev/wp-content/uploads/elementor/google-fonts/fonts/lato-s6u_w4bmutphjxsi5wq_fqft1dw.woff2]
[rafaheras.dev/wp-content/uploads/elementor/google-fonts/fonts/lato-s6u_w4bmutphjxsi5wq_gwft.woff2]
[rafaheras.dev/wp-content/uploads/elementor/google-fonts/fonts/lato-s6u_w4bmutphjxsi3wi_fqft1dw.woff2]
[rafaheras.dev/wp-content/uploads/elementor/google-fonts/fonts/lato-s6u_w4bmutphjxsi3wi_gwft.woff2]
[rafaheras.dev/wp-content/uploads/elementor/google-fonts/fonts/lato-s6u8w4bmutphh30aui-qjcy.woff2]
[rafaheras.dev/wp-content/uploads/elementor/google-fonts/fonts/lato-s6u8w4bmutphh30axc-q.woff2]
[rafaheras.dev/wp-content/uploads/elementor/google-fonts/fonts/lato-s6u9w4bmutphh7usswapgr_p.woff2]
[rafaheras.dev/wp-content/uploads/elementor/google-fonts/fonts/lato-s6u9w4bmutphh7usswipgq.woff2]
[rafaheras.dev/wp-content/uploads/elementor/google-fonts/fonts/lato-s6uyw4bmutphjxawxjeu.woff2]
[rafaheras.dev/wp-content/uploads/elementor/google-fonts/fonts/lato-s6uyw4bmutphjx4wxg.woff2]
[rafaheras.dev/wp-content/uploads/elementor/google-fonts/fonts/lato-s6u9w4bmutphh6uvswapgr_p.woff2]
[rafaheras.dev/wp-content/uploads/elementor/google-fonts/fonts/lato-s6u9w4bmutphh6uvswipgq.woff2]
[rafaheras.dev/wp-content/uploads/elementor/google-fonts/fonts/lato-s6u9w4bmutphh50xswapgr_p.woff2]
[rafaheras.dev/wp-content/uploads/elementor/google-fonts/fonts/lato-s6u9w4bmutphh50xswipgq.woff2]
[rafaheras.dev/wp-content/uploads/elementor/google-fonts/css/latof41a.css]
[rafaheras.dev/wp-content/uploads/elementor/google-fonts/fonts/lora-0qihmx1d_joumw_llptlp_a.woff2]
[rafaheras.dev/wp-content/uploads/elementor/google-fonts/fonts/lora-0qihmx1d_joumw_ljftlp_a.woff2]
[rafaheras.dev/wp-content/uploads/elementor/google-fonts/fonts/lora-0qihmx1d_joumw_lxftlp_a.woff2]
[rafaheras.dev/wp-content/uploads/elementor/google-fonts/fonts/lora-0qihmx1d_joumw_lt_tlp_a.woff2]
[rafaheras.dev/wp-content/uploads/elementor/google-fonts/fonts/lora-0qihmx1d_joumw_llvtlp_a.woff2]
[rafaheras.dev/wp-content/uploads/elementor/google-fonts/fonts/lora-0qihmx1d_joumw_ll_tlp_a.woff2]
[rafaheras.dev/wp-content/uploads/elementor/google-fonts/fonts/lora-0qihmx1d_joumw_liftl.woff2]
[rafaheras.dev/wp-content/uploads/elementor/google-fonts/fonts/lora-0qivmx1d_joumwf7i-np.woff2]
[rafaheras.dev/wp-content/uploads/elementor/google-fonts/fonts/lora-0qivmx1d_joumw77i-np.woff2]
[rafaheras.dev/wp-content/uploads/elementor/google-fonts/fonts/lora-0qivmx1d_joum3b7i-np.woff2]
[rafaheras.dev/wp-content/uploads/elementor/google-fonts/fonts/lora-0qivmx1d_joum2t7i-np.woff2]
[rafaheras.dev/wp-content/uploads/elementor/google-fonts/fonts/lora-0qivmx1d_joumwx7i-np.woff2]
[rafaheras.dev/wp-content/uploads/elementor/google-fonts/fonts/lora-0qivmx1d_joumwt7i-np.woff2]
[rafaheras.dev/wp-content/uploads/elementor/google-fonts/fonts/lora-0qivmx1d_joumwr7iw.woff2]
[rafaheras.dev/wp-content/uploads/elementor/google-fonts/css/loraf832.css]
[rafaheras.dev/wp-content/plugins/elementor/assets/lib/font-awesome/css/fontawesome.min52d5.css]
[rafaheras.dev/wp-content/plugins/elementor/assets/lib/font-awesome/webfonts/fa-solid-900.eot]
[rafaheras.dev/wp-content/plugins/elementor/assets/lib/font-awesome/webfonts/fa-solid-900d41d.eot]
[rafaheras.dev/wp-content/plugins/elementor/assets/lib/font-awesome/webfonts/fa-solid-900.woff2]
[rafaheras.dev/wp-content/plugins/elementor/assets/lib/font-awesome/webfonts/fa-solid-900.woff]
[rafaheras.dev/wp-content/plugins/elementor/assets/lib/font-awesome/webfonts/fa-solid-900.ttf]
[rafaheras.dev/wp-content/plugins/elementor/assets/lib/font-awesome/css/solid.min52d5.css]
[rafaheras.dev/wp-content/plugins/elementor/assets/lib/font-awesome/webfonts/fa-solid-900.svg]
[rafaheras.dev/wp-content/plugins/elementor/assets/lib/font-awesome/webfonts/fa-regular-400.eot]
[rafaheras.dev/wp-content/plugins/elementor/assets/lib/font-awesome/webfonts/fa-regular-400d41d.eot]
[rafaheras.dev/wp-content/plugins/elementor/assets/lib/font-awesome/webfonts/fa-regular-400.woff2]
[rafaheras.dev/wp-content/plugins/elementor/assets/lib/font-awesome/webfonts/fa-regular-400.woff]
[rafaheras.dev/wp-content/plugins/elementor/assets/lib/font-awesome/webfonts/fa-regular-400.ttf]
[rafaheras.dev/wp-content/plugins/elementor/assets/lib/font-awesome/css/regular.min52d5.css]
[rafaheras.dev/xmlrpc0db0.html]
[rafaheras.dev/wp-content/uploads/2024/06/sonidoy.svg]
[rafaheras.dev/wp-content/uploads/2024/06/sonidonn-1.svg]
[rafaheras.dev/wp-content/plugins/elementor/assets/lib/font-awesome/webfonts/fa-regular-400.svg]
[rafaheras.dev/wp-content/uploads/elementor/css/custom-widget-toggle.mincc64.css]
[rafaheras.dev/wp-content/uploads/elementor/css/post-25514027.css]
[rafaheras.dev/wp-json/wp/v2/pages/2551.json]
[rafaheras.dev/wp-json/oembed/1.0/embed4759.json]
[rafaheras.dev/wp-json/oembed/1.0/embed5c6b]
[rafaheras.dev/wp-content/uploads/2024/07/RafaHeras.svg]
[rafaheras.dev/wp-content/uploads/2024/06/icon-small-battery.svg]
[rafaheras.dev/wp-content/uploads/2024/06/navegador-1.png]
[rafaheras.dev/wp-content/uploads/2023/10/Delirium.pdf]
[rafaheras.dev/wp-content/uploads/2023/10/Complutense.pdf]
[rafaheras.dev/wp-content/uploads/2024/07/Madmusic.pdf]
[rafaheras.dev/wp-content/uploads/2024/07/HYSTERIA-CULTURE_compressed.pdf]
[rafaheras.dev/wp-content/uploads/2024/07/Restaurante_compressed.pdf]
[rafaheras.dev/wp-content/uploads/2024/07/Ibercesped_compressed.pdf]
[rafaheras.dev/wp-content/uploads/2024/07/cociline_compressed.pdf]
[rafaheras.dev/wp-content/uploads/2024/07/Zambra_compressed.pdf]
[rafaheras.dev/wp-content/uploads/2024/07/DEEP-DATA_compressed.pdf]
[rafaheras.dev/wp-content/uploads/2024/07/super_compressed.pdf]
[rafaheras.dev/wp-content/uploads/2024/06/Frame-111.png]
[rafaheras.dev/home-movil/index.html]
[rafaheras.dev/project.html]
[rafaheras.dev/wp-content/plugins/elementor/assets/lib/eicons/fonts/eicons7241.svg]
[rafaheras.dev/wp-content/plugins/elementor/assets/lib/font-awesome/webfonts/fa-solid-900.svg]
[rafaheras.dev/wp-content/plugins/elementor/assets/lib/font-awesome/webfonts/fa-regular-400.svg]
[rafaheras.dev/wp-content/uploads/elementor/css/custom-widget-toggle.mincc64.css]
[rafaheras.dev/wp-content/uploads/elementor/css/post-25514027.css]
[rafaheras.dev/index3a58.html]
[rafaheras.dev/wp-content/uploads/2024/07/RafaHeras.svg]
[rafaheras.dev/wp-content/uploads/2024/06/icon-small-battery.svg]
